{"level":"info","ts":"2026-04-25T15:06:14.787+0200","caller":"server/web_server.go:41","msg":"Setting up OAuth2 middleware","component":"WebServerProvisioner"}
{"level":"info","ts":"2026-04-25T15:06:14.791+0200","caller":"security/jwt.go:21","msg":"OAuth2 middleware set up with role: ROLE_USER","component":"Jwt"}
{"level":"error","ts":"2026-04-25T15:06:14.791+0200","caller":"server/web_server.go:55","msg":"failed to run server: listen tcp 0.0.0.0:8000: bind: address already in use","component":"WebServerProvisioner"}
{"level":"info","ts":"2026-04-25T15:06:49.186+0200","caller":"server/web_server.go:41","msg":"Setting up OAuth2 middleware","component":"WebServerProvisioner"}
{"level":"info","ts":"2026-04-25T15:06:49.190+0200","caller":"security/jwt.go:21","msg":"OAuth2 middleware set up with role: ROLE_USER","component":"Jwt"}
{"level":"debug","ts":"2026-04-26T09:22:16.444+0200","caller":"security/jwt.go:44","msg":"verifying token: eyJraWQiOiI1MTA5NDY1NS03MDdmLTRlNGEtYjk2OC1jNjU0MGY3YzRkYjMiLCJhbGciOiJSUzI1NiJ9.eyJzdWIiOiJ2YWxlcmlvLnZhdWRpQGdtYWlsLmNvbSIsImF1ZCI6ImxvY2FsLm9uZS1wb3J0YWwiLCJuYmYiOjE3NzcxODc4NzQsInVzZXJfbmFtZSI6InZhbGVyaW8udmF1ZGlAZ21haWwuY29tIiwic2NvcGUiOlsib3BlbmlkIl0sImlzcyI6Imh0dHA6Ly9sb2NhbC5hcGkudmF1dGhlbnRpY2F0b3IuY29tOjkwOTAiLCJleHAiOjE3ODA3ODc4NzQsImlhdCI6MTc3NzE4Nzg3NCwianRpIjoiMDM4MDMwZjMtYjE5NC00ZjY5LWJhMGMtYmIxMzFhMjhlN2Y5IiwiYXV0aG9yaXRpZXMiOlsiUk9MRV9CVURHRVQiLCJST0xFX1VTRVIiLCJGQUNUT1JfUEFTU1dPUkQiXX0.k3J-fO1iSqhntSYEmWjHCS4BXmMMgO0rhvFEsOKmxpqndLZ0Z3FdfcbWps5iT9fjEtZYiCEPut_9O49Vcrb7EdVkVZY86MseMr_f40RBZIkxVvt7vVMtpO6ZPpCH5pDUYFCQcSaPCNBttqiGQTJ16H93z9N_p3OjamCgcj2CvqOuv9HuCtzJaddFkVThPX5REhq6D0VeoyHO9mHeiWys996raBMZZCI3BbnovegQ8Z2sGsMU2j4DlQWTQSFD5M_IZwQwWRd73P5QBDsAwvpvZbvs1y-utvKPd83jX9aUmwCsphI_0pkiTN-6BEHOJyHplC5Cs9LQuyT2XIbgvcoT7w\n","component":"Jwt"}
{"level":"info","ts":"2026-04-26T09:22:16.444+0200","caller":"security/jwt.go:69","msg":"authenticating user: valerio.vaudi@gmail.com\n","component":"Jwt"}
{"level":"info","ts":"2026-04-26T09:22:16.444+0200","caller":"security/jwt.go:72","msg":"user valerio.vaudi@gmail.com has those authority [ROLE_BUDGET ROLE_USER FACTOR_PASSWORD]\n","component":"Jwt"}
{"level":"info","ts":"2026-04-26T09:22:16.444+0200","caller":"security/jwt.go:80","msg":"user valerio.vaudi@gmail.com has required authority: ROLE_USER\nThe user has [ROLE_BUDGET ROLE_USER FACTOR_PASSWORD]","component":"Jwt"}
{"level":"info","ts":"2026-04-26T09:22:16.444+0200","caller":"security/jwt.go:89","msg":"authenticated user: valerio.vaudi@gmail.com\n","component":"Jwt"}
{"level":"debug","ts":"2026-04-26T09:22:16.444+0200","caller":"rest/vauthenticator_account_repository.go:38","msg":"request &{GET http://local.api.vauthenticator.com:9090/userinfo HTTP/1.1 1 1 map[Accept:[application/json] Authorization:[Bearer eyJraWQiOiI1MTA5NDY1NS03MDdmLTRlNGEtYjk2OC1jNjU0MGY3YzRkYjMiLCJhbGciOiJSUzI1NiJ9.eyJzdWIiOiJ2YWxlcmlvLnZhdWRpQGdtYWlsLmNvbSIsImF1ZCI6ImxvY2FsLm9uZS1wb3J0YWwiLCJuYmYiOjE3NzcxODc4NzQsInVzZXJfbmFtZSI6InZhbGVyaW8udmF1ZGlAZ21haWwuY29tIiwic2NvcGUiOlsib3BlbmlkIl0sImlzcyI6Imh0dHA6Ly9sb2NhbC5hcGkudmF1dGhlbnRpY2F0b3IuY29tOjkwOTAiLCJleHAiOjE3ODA3ODc4NzQsImlhdCI6MTc3NzE4Nzg3NCwianRpIjoiMDM4MDMwZjMtYjE5NC00ZjY5LWJhMGMtYmIxMzFhMjhlN2Y5IiwiYXV0aG9yaXRpZXMiOlsiUk9MRV9CVURHRVQiLCJST0xFX1VTRVIiLCJGQUNUT1JfUEFTU1dPUkQiXX0.k3J-fO1iSqhntSYEmWjHCS4BXmMMgO0rhvFEsOKmxpqndLZ0Z3FdfcbWps5iT9fjEtZYiCEPut_9O49Vcrb7EdVkVZY86MseMr_f40RBZIkxVvt7vVMtpO6ZPpCH5pDUYFCQcSaPCNBttqiGQTJ16H93z9N_p3OjamCgcj2CvqOuv9HuCtzJaddFkVThPX5REhq6D0VeoyHO9mHeiWys996raBMZZCI3BbnovegQ8Z2sGsMU2j4DlQWTQSFD5M_IZwQwWRd73P5QBDsAwvpvZbvs1y-utvKPd83jX9aUmwCsphI_0pkiTN-6BEHOJyHplC5Cs9LQuyT2XIbgvcoT7w]] <nil> <nil> 0 [] false local.api.vauthenticator.com:9090 map[] map[] <nil> map[]   <nil> <nil> <nil>  0xc00012e6f0 <nil> [] map[]}","component":"VauthenticatorAccountRepository"}
{"level":"debug","ts":"2026-04-26T09:22:16.476+0200","caller":"rest/vauthenticator_account_repository.go:40","msg":"resposne &{200  200 HTTP/1.1 1 1 map[Cache-Control:[no-cache, no-store, max-age=0, must-revalidate] Content-Type:[application/json] Date:[Sun, 26 Apr 2026 07:22:16 GMT] Expires:[0] Pragma:[no-cache] Set-Cookie:[JSESSIONID=F51A80028AC0D0D66006AA4F3943599C; Path=/; HttpOnly] Vary:[origin,access-control-request-method,access-control-request-headers,accept-encoding] X-Content-Type-Options:[nosniff] X-Xss-Protection:[0]] 0xc00038a040 -1 [chunked] false true map[] 0xc000136dc0 <nil>}","component":"VauthenticatorAccountRepository"}
{"level":"debug","ts":"2026-04-26T10:14:16.177+0200","caller":"security/jwt.go:44","msg":"verifying token: null\n","component":"Jwt"}
{"level":"error","ts":"2026-04-26T10:14:16.177+0200","caller":"security/jwt.go:47","msg":"failed to parse jwt token: jwt.Parse: failed to parse token: unknown payload type (payload is not JWT?)\n","component":"Jwt"}
{"level":"debug","ts":"2026-04-26T10:14:24.297+0200","caller":"security/jwt.go:44","msg":"verifying token: eyJraWQiOiJmOGZjOGQ4Yi05YjE0LTQ3ZjAtODI1Yy1lYWUwZjg4NzA4N2QiLCJhbGciOiJSUzI1NiJ9.eyJzdWIiOiJ2YWxlcmlvLnZhdWRpQGdtYWlsLmNvbSIsImF1ZCI6ImxvY2FsLm9uZS1wb3J0YWwiLCJuYmYiOjE3NzcxOTEyNjQsInVzZXJfbmFtZSI6InZhbGVyaW8udmF1ZGlAZ21haWwuY29tIiwic2NvcGUiOlsib3BlbmlkIl0sImlzcyI6Imh0dHA6Ly9sb2NhbC5hcGkudmF1dGhlbnRpY2F0b3IuY29tOjkwOTAiLCJleHAiOjE3ODA3OTEyNjQsImlhdCI6MTc3NzE5MTI2NCwianRpIjoiYTljYWZlMDctYWE3MS00NzU5LTg5MjEtMzQ0OGFmMTlmZjZlIiwiYXV0aG9yaXRpZXMiOlsiUk9MRV9CVURHRVQiLCJST0xFX1VTRVIiLCJGQUNUT1JfUEFTU1dPUkQiXX0.F3zbAVomLXAc3l6tqzoypFd2v8r9kQuxquM20nKk4hapK3rk95FxrCB46zyoDWQy7tu8Rr0PmcjvK1B_FAi5MWePUROxQYuMI2Qz12OuRC2Grgp2SGPKQQYv2c2xPLdXZi3pwPizpgiklQ6vnHrQAtrEqam8A7F_neCHElq3UIXlu_wD7T64R6hkdSTgdRdX8J4chK2AMU8Vdbi8e39HV41JVr125yMVaOSAknqybh8b-VxSH7GIt6HGf9tYUQVBrSv-Gqu5bWoFRCOquSFUg69h9PtA95nWycB6RFyIdabmFy7sRnt4GRKInqvvFhOHqnk1fuAMl1J3dDlaoKhHfQ\n","component":"Jwt"}
{"level":"info","ts":"2026-04-26T10:14:24.297+0200","caller":"security/jwt.go:69","msg":"authenticating user: valerio.vaudi@gmail.com\n","component":"Jwt"}
{"level":"info","ts":"2026-04-26T10:14:24.297+0200","caller":"security/jwt.go:72","msg":"user valerio.vaudi@gmail.com has those authority [ROLE_BUDGET ROLE_USER FACTOR_PASSWORD]\n","component":"Jwt"}
{"level":"info","ts":"2026-04-26T10:14:24.297+0200","caller":"security/jwt.go:80","msg":"user valerio.vaudi@gmail.com has required authority: ROLE_USER\nThe user has [ROLE_BUDGET ROLE_USER FACTOR_PASSWORD]","component":"Jwt"}
{"level":"info","ts":"2026-04-26T10:14:24.297+0200","caller":"security/jwt.go:89","msg":"authenticated user: valerio.vaudi@gmail.com\n","component":"Jwt"}
{"level":"debug","ts":"2026-04-26T10:14:24.297+0200","caller":"rest/vauthenticator_account_repository.go:38","msg":"request &{GET http://local.api.vauthenticator.com:9090/userinfo HTTP/1.1 1 1 map[Accept:[application/json] Authorization:[Bearer eyJraWQiOiJmOGZjOGQ4Yi05YjE0LTQ3ZjAtODI1Yy1lYWUwZjg4NzA4N2QiLCJhbGciOiJSUzI1NiJ9.eyJzdWIiOiJ2YWxlcmlvLnZhdWRpQGdtYWlsLmNvbSIsImF1ZCI6ImxvY2FsLm9uZS1wb3J0YWwiLCJuYmYiOjE3NzcxOTEyNjQsInVzZXJfbmFtZSI6InZhbGVyaW8udmF1ZGlAZ21haWwuY29tIiwic2NvcGUiOlsib3BlbmlkIl0sImlzcyI6Imh0dHA6Ly9sb2NhbC5hcGkudmF1dGhlbnRpY2F0b3IuY29tOjkwOTAiLCJleHAiOjE3ODA3OTEyNjQsImlhdCI6MTc3NzE5MTI2NCwianRpIjoiYTljYWZlMDctYWE3MS00NzU5LTg5MjEtMzQ0OGFmMTlmZjZlIiwiYXV0aG9yaXRpZXMiOlsiUk9MRV9CVURHRVQiLCJST0xFX1VTRVIiLCJGQUNUT1JfUEFTU1dPUkQiXX0.F3zbAVomLXAc3l6tqzoypFd2v8r9kQuxquM20nKk4hapK3rk95FxrCB46zyoDWQy7tu8Rr0PmcjvK1B_FAi5MWePUROxQYuMI2Qz12OuRC2Grgp2SGPKQQYv2c2xPLdXZi3pwPizpgiklQ6vnHrQAtrEqam8A7F_neCHElq3UIXlu_wD7T64R6hkdSTgdRdX8J4chK2AMU8Vdbi8e39HV41JVr125yMVaOSAknqybh8b-VxSH7GIt6HGf9tYUQVBrSv-Gqu5bWoFRCOquSFUg69h9PtA95nWycB6RFyIdabmFy7sRnt4GRKInqvvFhOHqnk1fuAMl1J3dDlaoKhHfQ]] <nil> <nil> 0 [] false local.api.vauthenticator.com:9090 map[] map[] <nil> map[]   <nil> <nil> <nil>  0xc0002b07b0 <nil> [] map[]}","component":"VauthenticatorAccountRepository"}
{"level":"debug","ts":"2026-04-26T10:14:24.310+0200","caller":"rest/vauthenticator_account_repository.go:40","msg":"resposne &{200  200 HTTP/1.1 1 1 map[Cache-Control:[no-cache, no-store, max-age=0, must-revalidate] Content-Type:[application/json] Date:[Sun, 26 Apr 2026 08:14:24 GMT] Expires:[0] Pragma:[no-cache] Set-Cookie:[JSESSIONID=434990FD305C51E1321F9845F3BD4DFE; Path=/; HttpOnly] Vary:[origin,access-control-request-method,access-control-request-headers,accept-encoding] X-Content-Type-Options:[nosniff] X-Xss-Protection:[0]] 0xc00038a140 -1 [chunked] false true map[] 0xc0002d0a00 <nil>}","component":"VauthenticatorAccountRepository"}
{"level":"info","ts":"2026-04-28T17:36:11.219+0200","caller":"server/web_server.go:41","msg":"Setting up OAuth2 middleware","component":"WebServerProvisioner"}
{"level":"error","ts":"2026-04-28T17:36:11.228+0200","caller":"security/jwk.go:17","msg":"Error fetching JWK set: jwk.Fetch: request failed: Get \"http://local.api.vauthenticator.com:9090/oauth2/jwks\": dial tcp 127.0.0.1:9090: connect: connection refused","component":"Jwk"}
{"level":"info","ts":"2026-04-28T17:36:11.229+0200","caller":"security/jwt.go:21","msg":"OAuth2 middleware set up with role: ROLE_USER","component":"Jwt"}
{"level":"error","ts":"2026-04-30T13:04:39.801+0200","caller":"server/web_server.go:36","msg":"OTel setup failed (continuing without tracing): tracing: resource: conflicting Schema URL: https://opentelemetry.io/schemas/1.40.0 and https://opentelemetry.io/schemas/1.26.0","component":"WebServerProvisioner"}
{"level":"info","ts":"2026-04-30T13:04:39.801+0200","caller":"server/web_server.go:66","msg":"Setting up OAuth2 middleware","component":"WebServerProvisioner"}
{"level":"info","ts":"2026-04-30T13:04:39.803+0200","caller":"security/jwt.go:21","msg":"OAuth2 middleware set up with role: ROLE_USER","component":"Jwt"}
{"level":"error","ts":"2026-04-30T13:13:33.211+0200","caller":"otel/provider.go:38","msg":"Error: tracing: resource: conflicting Schema URL: https://opentelemetry.io/schemas/1.40.0 and https://opentelemetry.io/schemas/1.26.0","component":"OtelProvider"}
{"level":"error","ts":"2026-04-30T13:13:33.211+0200","caller":"server/web_server.go:36","msg":"OTel setup failed (continuing without tracing): tracing: resource: conflicting Schema URL: https://opentelemetry.io/schemas/1.40.0 and https://opentelemetry.io/schemas/1.26.0","component":"WebServerProvisioner"}
{"level":"info","ts":"2026-04-30T13:13:33.211+0200","caller":"server/web_server.go:66","msg":"Setting up OAuth2 middleware","component":"WebServerProvisioner"}
{"level":"info","ts":"2026-04-30T13:13:33.214+0200","caller":"security/jwt.go:21","msg":"OAuth2 middleware set up with role: ROLE_USER","component":"Jwt"}
{"level":"error","ts":"2026-04-30T13:16:40.382+0200","caller":"otel/provider.go:38","msg":"Error in buildResource: tracing: resource: conflicting Schema URL: https://opentelemetry.io/schemas/1.40.0 and https://opentelemetry.io/schemas/1.26.0","component":"OtelProvider"}
{"level":"error","ts":"2026-04-30T13:16:40.382+0200","caller":"server/web_server.go:36","msg":"OTel setup failed (continuing without tracing): tracing: resource: conflicting Schema URL: https://opentelemetry.io/schemas/1.40.0 and https://opentelemetry.io/schemas/1.26.0","component":"WebServerProvisioner"}
{"level":"info","ts":"2026-04-30T13:16:40.382+0200","caller":"server/web_server.go:66","msg":"Setting up OAuth2 middleware","component":"WebServerProvisioner"}
{"level":"info","ts":"2026-04-30T13:16:40.386+0200","caller":"security/jwt.go:21","msg":"OAuth2 middleware set up with role: ROLE_USER","component":"Jwt"}
{"level":"info","ts":"2026-04-30T13:35:05.372+0200","caller":"otel/tracing_provider.go:35","msg":"Setting up OTel TracerProvider: service=account-api protocol=http endpoint=","component":"OtelProvider"}
{"level":"info","ts":"2026-04-30T13:35:05.372+0200","caller":"otel/metric_provider.go:16","msg":"Setting up OTel MeterProvider: service=account-api protocol=http endpoint=","component":"OtelProvider"}
{"level":"info","ts":"2026-04-30T13:35:05.372+0200","caller":"otel/log_provider.go:16","msg":"Setting up OTel LoggerProvider: service=account-api protocol=http endpoint=","component":"OtelProvider"}
{"level":"info","ts":"2026-04-30T13:35:05.373+0200","caller":"server/web_server.go:66","msg":"Setting up OAuth2 middleware","component":"WebServerProvisioner"}
{"level":"info","ts":"2026-04-30T13:35:05.375+0200","caller":"security/jwt.go:21","msg":"OAuth2 middleware set up with role: ROLE_USER","component":"Jwt"}
{"level":"info","ts":"2026-04-30T13:42:47.042+0200","caller":"otel/tracing_provider.go:35","msg":"Setting up OTel TracerProvider: service=account-api protocol=http endpoint=localhost:4318","component":"OtelProvider"}
{"level":"info","ts":"2026-04-30T13:42:47.042+0200","caller":"otel/metric_provider.go:16","msg":"Setting up OTel MeterProvider: service=account-api protocol=http endpoint=localhost:4318","component":"OtelProvider"}
{"level":"info","ts":"2026-04-30T13:42:47.042+0200","caller":"otel/log_provider.go:16","msg":"Setting up OTel LoggerProvider: service=account-api protocol=http endpoint=localhost:4318","component":"OtelProvider"}
{"level":"info","ts":"2026-04-30T13:42:47.043+0200","caller":"server/web_server.go:66","msg":"Setting up OAuth2 middleware","component":"WebServerProvisioner"}
{"level":"info","ts":"2026-04-30T13:42:47.045+0200","caller":"security/jwt.go:21","msg":"OAuth2 middleware set up with role: ROLE_USER","component":"Jwt"}
{"level":"info","ts":"2026-04-30T17:45:42.832+0200","caller":"otel/tracing_provider.go:35","msg":"Setting up OTel TracerProvider: service=account-api protocol=http endpoint=localhost:4318","component":"OtelProvider"}
{"level":"info","ts":"2026-04-30T17:45:42.832+0200","caller":"otel/metric_provider.go:16","msg":"Setting up OTel MeterProvider: service=account-api protocol=http endpoint=localhost:4318","component":"OtelProvider"}
{"level":"info","ts":"2026-04-30T17:45:42.832+0200","caller":"otel/log_provider.go:16","msg":"Setting up OTel LoggerProvider: service=account-api protocol=http endpoint=localhost:4318","component":"OtelProvider"}
{"level":"info","ts":"2026-04-30T17:45:42.833+0200","caller":"server/web_server.go:66","msg":"Setting up OAuth2 middleware","component":"WebServerProvisioner"}
{"level":"info","ts":"2026-04-30T17:45:42.835+0200","caller":"security/jwt.go:21","msg":"OAuth2 middleware set up with role: ROLE_USER","component":"Jwt"}
{"level":"debug","ts":"2026-04-30T17:45:56.995+0200","caller":"security/jwt.go:44","msg":"verifying token: eyJraWQiOiJmOGZjOGQ4Yi05YjE0LTQ3ZjAtODI1Yy1lYWUwZjg4NzA4N2QiLCJhbGciOiJSUzI1NiJ9.eyJzdWIiOiJ2YWxlcmlvLnZhdWRpQGdtYWlsLmNvbSIsImF1ZCI6ImxvY2FsLm9uZS1wb3J0YWwiLCJuYmYiOjE3Nzc1NjM5NDcsInVzZXJfbmFtZSI6InZhbGVyaW8udmF1ZGlAZ21haWwuY29tIiwic2NvcGUiOlsib3BlbmlkIl0sImlzcyI6Imh0dHA6Ly9sb2NhbC5hcGkudmF1dGhlbnRpY2F0b3IuY29tOjkwOTAiLCJleHAiOjE3ODExNjM5NDcsImlhdCI6MTc3NzU2Mzk0NywianRpIjoiNWNlMDFlZTYtOWI3OC00MWM3LWFkNTUtNjhlOTdhODQ5YjhjIiwiYXV0aG9yaXRpZXMiOlsiUk9MRV9CVURHRVQiLCJST0xFX1VTRVIiLCJGQUNUT1JfUEFTU1dPUkQiXX0.herurbZkoIOgckpRE2BpFeWWoU6_uZV3krdlnd5yA3TZb0lgnUNArvthK4lTgs06y9ThPuoOvmc26kgr2bCyJEfLdknXyxdhdAthIOcnv3RkW9jQIVo5yGHNFTKX_2v2ot7u5pemGUw7YnjT7Mjv3vhW_g2Nv9Q23vo3OukSI1ZancFb6o8_w7FkZQtGmKquRYCsR51NC2YhzuCSDUQUPvgh0IPx01dq_65_r_pLpsYPDJd6LVwsF9MvvjwhZpypsnX-XweNwm8jCvd78h05gMjJoeD-_U4kFeQ_ziwCQer2AsA6U6XTQnV2YMv-gtdKt1UVaNbRddJayl2ntbf_8w\n","component":"Jwt"}
{"level":"info","ts":"2026-04-30T17:45:56.995+0200","caller":"security/jwt.go:69","msg":"authenticating user: valerio.vaudi@gmail.com\n","component":"Jwt"}
{"level":"info","ts":"2026-04-30T17:45:56.995+0200","caller":"security/jwt.go:72","msg":"user valerio.vaudi@gmail.com has those authority [ROLE_BUDGET ROLE_USER FACTOR_PASSWORD]\n","component":"Jwt"}
{"level":"info","ts":"2026-04-30T17:45:56.995+0200","caller":"security/jwt.go:80","msg":"user valerio.vaudi@gmail.com has required authority: ROLE_USER\nThe user has [ROLE_BUDGET ROLE_USER FACTOR_PASSWORD]","component":"Jwt"}
{"level":"info","ts":"2026-04-30T17:45:56.995+0200","caller":"security/jwt.go:89","msg":"authenticated user: valerio.vaudi@gmail.com\n","component":"Jwt"}
{"level":"debug","ts":"2026-04-30T17:45:56.995+0200","caller":"rest/vauthenticator_account_repository.go:38","msg":"request &{GET http://local.api.vauthenticator.com:9090/userinfo HTTP/1.1 1 1 map[Accept:[application/json] Authorization:[Bearer eyJraWQiOiJmOGZjOGQ4Yi05YjE0LTQ3ZjAtODI1Yy1lYWUwZjg4NzA4N2QiLCJhbGciOiJSUzI1NiJ9.eyJzdWIiOiJ2YWxlcmlvLnZhdWRpQGdtYWlsLmNvbSIsImF1ZCI6ImxvY2FsLm9uZS1wb3J0YWwiLCJuYmYiOjE3Nzc1NjM5NDcsInVzZXJfbmFtZSI6InZhbGVyaW8udmF1ZGlAZ21haWwuY29tIiwic2NvcGUiOlsib3BlbmlkIl0sImlzcyI6Imh0dHA6Ly9sb2NhbC5hcGkudmF1dGhlbnRpY2F0b3IuY29tOjkwOTAiLCJleHAiOjE3ODExNjM5NDcsImlhdCI6MTc3NzU2Mzk0NywianRpIjoiNWNlMDFlZTYtOWI3OC00MWM3LWFkNTUtNjhlOTdhODQ5YjhjIiwiYXV0aG9yaXRpZXMiOlsiUk9MRV9CVURHRVQiLCJST0xFX1VTRVIiLCJGQUNUT1JfUEFTU1dPUkQiXX0.herurbZkoIOgckpRE2BpFeWWoU6_uZV3krdlnd5yA3TZb0lgnUNArvthK4lTgs06y9ThPuoOvmc26kgr2bCyJEfLdknXyxdhdAthIOcnv3RkW9jQIVo5yGHNFTKX_2v2ot7u5pemGUw7YnjT7Mjv3vhW_g2Nv9Q23vo3OukSI1ZancFb6o8_w7FkZQtGmKquRYCsR51NC2YhzuCSDUQUPvgh0IPx01dq_65_r_pLpsYPDJd6LVwsF9MvvjwhZpypsnX-XweNwm8jCvd78h05gMjJoeD-_U4kFeQ_ziwCQer2AsA6U6XTQnV2YMv-gtdKt1UVaNbRddJayl2ntbf_8w]] <nil> <nil> 0 [] false local.api.vauthenticator.com:9090 map[] map[] <nil> map[]   <nil> <nil> <nil>  0xc000454930 <nil> [] map[]}","component":"VauthenticatorAccountRepository"}
{"level":"debug","ts":"2026-04-30T17:45:57.017+0200","caller":"rest/vauthenticator_account_repository.go:40","msg":"resposne &{200  200 HTTP/1.1 1 1 map[Cache-Control:[no-cache, no-store, max-age=0, must-revalidate] Content-Type:[application/json] Date:[Thu, 30 Apr 2026 15:45:57 GMT] Expires:[0] Pragma:[no-cache] Set-Cookie:[JSESSIONID=C42E216D572243ADE5C8463309C3A23C; Path=/; HttpOnly] Vary:[origin,access-control-request-method,access-control-request-headers,accept-encoding] X-Content-Type-Options:[nosniff] X-Xss-Protection:[0]] 0xc0001f8080 -1 [chunked] false true map[] 0xc0001ecf00 <nil>}","component":"VauthenticatorAccountRepository"}
{"level":"info","ts":"2026-04-30T18:41:41.129+0200","caller":"otel/tracing_provider.go:35","msg":"Setting up OTel TracerProvider: service=account-api protocol=http endpoint=localhost:4318","component":"OtelProvider"}
{"level":"info","ts":"2026-04-30T18:41:41.130+0200","caller":"otel/metric_provider.go:16","msg":"Setting up OTel MeterProvider: service=account-api protocol=http endpoint=localhost:4318","component":"OtelProvider"}
{"level":"info","ts":"2026-04-30T18:41:41.130+0200","caller":"otel/log_provider.go:16","msg":"Setting up OTel LoggerProvider: service=account-api protocol=http endpoint=localhost:4318","component":"OtelProvider"}
{"level":"info","ts":"2026-04-30T18:41:41.130+0200","caller":"server/web_server.go:71","msg":"Setting up OAuth2 middleware","component":"WebServerProvisioner"}
{"level":"info","ts":"2026-04-30T18:41:41.134+0200","caller":"security/jwt.go:21","msg":"OAuth2 middleware set up with role: ROLE_USER","component":"Jwt"}
{"level":"info","ts":"2026-04-30T19:13:59.313+0200","caller":"otel/tracing_provider.go:35","msg":"Setting up OTel TracerProvider: service=account-api protocol=http endpoint=localhost:4318","component":"OtelProvider"}
{"level":"info","ts":"2026-04-30T19:13:59.313+0200","caller":"otel/metric_provider.go:16","msg":"Setting up OTel MeterProvider: service=account-api protocol=http endpoint=localhost:4318","component":"OtelProvider"}
{"level":"info","ts":"2026-04-30T19:13:59.313+0200","caller":"otel/log_provider.go:16","msg":"Setting up OTel LoggerProvider: service=account-api protocol=http endpoint=localhost:4318","component":"OtelProvider"}
{"level":"info","ts":"2026-04-30T19:13:59.313+0200","caller":"server/web_server.go:66","msg":"Setting up OAuth2 middleware","component":"WebServerProvisioner"}
{"level":"info","ts":"2026-04-30T19:13:59.315+0200","caller":"security/jwt.go:21","msg":"OAuth2 middleware set up with role: ROLE_USER","component":"Jwt"}
{"level":"info","ts":"2026-04-30T20:02:47.224+0200","caller":"otel/tracing_provider.go:35","msg":"Setting up OTel TracerProvider: service=account-api protocol=http endpoint=localhost:4318","component":"OtelProvider"}
{"level":"info","ts":"2026-04-30T20:02:47.224+0200","caller":"otel/metric_provider.go:16","msg":"Setting up OTel MeterProvider: service=account-api protocol=http endpoint=localhost:4318","component":"OtelProvider"}
{"level":"info","ts":"2026-04-30T20:02:47.225+0200","caller":"otel/log_provider.go:16","msg":"Setting up OTel LoggerProvider: service=account-api protocol=http endpoint=localhost:4318","component":"OtelProvider"}
{"level":"info","ts":"2026-04-30T20:02:47.225+0200","caller":"server/web_server.go:66","msg":"Setting up OAuth2 middleware","component":"WebServerProvisioner"}
{"level":"info","ts":"2026-04-30T20:02:47.227+0200","caller":"security/jwt.go:21","msg":"OAuth2 middleware set up with role: ROLE_USER","component":"Jwt"}
{"level":"info","ts":"2026-04-30T21:10:22.430+0200","caller":"otel/tracing_provider.go:35","msg":"Setting up OTel TracerProvider: service=account-api protocol=http endpoint=localhost:4318","component":"OtelProvider"}
{"level":"info","ts":"2026-04-30T21:10:22.430+0200","caller":"otel/metric_provider.go:16","msg":"Setting up OTel MeterProvider: service=account-api protocol=http endpoint=localhost:4318","component":"OtelProvider"}
{"level":"info","ts":"2026-04-30T21:10:22.430+0200","caller":"otel/log_provider.go:16","msg":"Setting up OTel LoggerProvider: service=account-api protocol=http endpoint=localhost:4318","component":"OtelProvider"}
{"level":"info","ts":"2026-04-30T21:10:22.431+0200","caller":"server/web_server.go:66","msg":"Setting up OAuth2 middleware","component":"WebServerProvisioner"}
{"level":"info","ts":"2026-04-30T21:10:22.435+0200","caller":"security/jwt.go:21","msg":"OAuth2 middleware set up with role: ROLE_USER","component":"Jwt"}
{"level":"debug","ts":"2026-04-30T21:10:35.460+0200","caller":"security/jwt.go:44","msg":"verifying token: eyJraWQiOiI1MTA5NDY1NS03MDdmLTRlNGEtYjk2OC1jNjU0MGY3YzRkYjMiLCJhbGciOiJSUzI1NiJ9.eyJzdWIiOiJ2YWxlcmlvLnZhdWRpQGdtYWlsLmNvbSIsImF1ZCI6ImxvY2FsLm9uZS1wb3J0YWwiLCJuYmYiOjE3Nzc1NzYyMjgsInVzZXJfbmFtZSI6InZhbGVyaW8udmF1ZGlAZ21haWwuY29tIiwic2NvcGUiOlsib3BlbmlkIl0sImlzcyI6Imh0dHA6Ly9sb2NhbC5hcGkudmF1dGhlbnRpY2F0b3IuY29tOjkwOTAiLCJleHAiOjE3ODExNzYyMjgsImlhdCI6MTc3NzU3NjIyOCwianRpIjoiZWI2YTNmMDgtODBlNy00M2Q1LWJkNTItNjhlZjk5YTUwNGI3IiwiYXV0aG9yaXRpZXMiOlsiUk9MRV9CVURHRVQiLCJST0xFX1VTRVIiLCJGQUNUT1JfUEFTU1dPUkQiXX0.NJjcgIZhFBxNQ5HL4IHr6QetuLkmNzLhErUnBIEr7o7QVQDFvm1C1Ho8eWtnqV6nRUHPcgUSF9F4v7zPGDr8wiOs33wBoA2W1Q-hO8Ui5yVTN7FGerabzK_txfM59ua8jVZTIsfsRkW-PSbmoYlL2zKomTxSckz7mn-jvg8IFBFUbD_9-5ym2skkmMSQD5dtNZzjn1WFg4rxTOURJNIJzBaUzcfkT2gCUU2IcojNp-88ifjq_5IK5SbnHtUuLWesPZ3czTDVtcNqTI9spkjcCPDhfmWgjmVAo8wawxBm9TAf8qDbAmxa_ngXnutXdx_u_Q5Hyer_mkDsxbSe-L_sSA\n","component":"Jwt"}
{"level":"info","ts":"2026-04-30T21:10:35.460+0200","caller":"security/jwt.go:69","msg":"authenticating user: valerio.vaudi@gmail.com\n","component":"Jwt"}
{"level":"info","ts":"2026-04-30T21:10:35.460+0200","caller":"security/jwt.go:72","msg":"user valerio.vaudi@gmail.com has those authority [ROLE_BUDGET ROLE_USER FACTOR_PASSWORD]\n","component":"Jwt"}
{"level":"info","ts":"2026-04-30T21:10:35.460+0200","caller":"security/jwt.go:80","msg":"user valerio.vaudi@gmail.com has required authority: ROLE_USER\nThe user has [ROLE_BUDGET ROLE_USER FACTOR_PASSWORD]","component":"Jwt"}
{"level":"info","ts":"2026-04-30T21:10:35.460+0200","caller":"security/jwt.go:89","msg":"authenticated user: valerio.vaudi@gmail.com\n","component":"Jwt"}
{"level":"debug","ts":"2026-04-30T21:10:35.460+0200","caller":"rest/vauthenticator_account_repository.go:38","msg":"request &{GET http://local.api.vauthenticator.com:9090/userinfo HTTP/1.1 1 1 map[Accept:[application/json] Authorization:[Bearer eyJraWQiOiI1MTA5NDY1NS03MDdmLTRlNGEtYjk2OC1jNjU0MGY3YzRkYjMiLCJhbGciOiJSUzI1NiJ9.eyJzdWIiOiJ2YWxlcmlvLnZhdWRpQGdtYWlsLmNvbSIsImF1ZCI6ImxvY2FsLm9uZS1wb3J0YWwiLCJuYmYiOjE3Nzc1NzYyMjgsInVzZXJfbmFtZSI6InZhbGVyaW8udmF1ZGlAZ21haWwuY29tIiwic2NvcGUiOlsib3BlbmlkIl0sImlzcyI6Imh0dHA6Ly9sb2NhbC5hcGkudmF1dGhlbnRpY2F0b3IuY29tOjkwOTAiLCJleHAiOjE3ODExNzYyMjgsImlhdCI6MTc3NzU3NjIyOCwianRpIjoiZWI2YTNmMDgtODBlNy00M2Q1LWJkNTItNjhlZjk5YTUwNGI3IiwiYXV0aG9yaXRpZXMiOlsiUk9MRV9CVURHRVQiLCJST0xFX1VTRVIiLCJGQUNUT1JfUEFTU1dPUkQiXX0.NJjcgIZhFBxNQ5HL4IHr6QetuLkmNzLhErUnBIEr7o7QVQDFvm1C1Ho8eWtnqV6nRUHPcgUSF9F4v7zPGDr8wiOs33wBoA2W1Q-hO8Ui5yVTN7FGerabzK_txfM59ua8jVZTIsfsRkW-PSbmoYlL2zKomTxSckz7mn-jvg8IFBFUbD_9-5ym2skkmMSQD5dtNZzjn1WFg4rxTOURJNIJzBaUzcfkT2gCUU2IcojNp-88ifjq_5IK5SbnHtUuLWesPZ3czTDVtcNqTI9spkjcCPDhfmWgjmVAo8wawxBm9TAf8qDbAmxa_ngXnutXdx_u_Q5Hyer_mkDsxbSe-L_sSA]] <nil> <nil> 0 [] false local.api.vauthenticator.com:9090 map[] map[] <nil> map[]   <nil> <nil> <nil>  0xc0004d1080 <nil> [] map[]}","component":"VauthenticatorAccountRepository"}
{"level":"debug","ts":"2026-04-30T21:10:35.471+0200","caller":"rest/vauthenticator_account_repository.go:40","msg":"resposne &{200  200 HTTP/1.1 1 1 map[Cache-Control:[no-cache, no-store, max-age=0, must-revalidate] Content-Type:[application/json] Date:[Thu, 30 Apr 2026 19:10:35 GMT] Expires:[0] Pragma:[no-cache] Set-Cookie:[JSESSIONID=3F07F76D749F1A016012A11657F6818A; Path=/; HttpOnly] Vary:[origin,access-control-request-method,access-control-request-headers,accept-encoding] X-Content-Type-Options:[nosniff] X-Xss-Protection:[0]] 0xc0004be140 -1 [chunked] false true map[] 0xc0001eef00 <nil>}","component":"VauthenticatorAccountRepository"}
{"level":"info","ts":"2026-04-30T21:14:27.882+0200","caller":"otel/tracing_provider.go:35","msg":"Setting up OTel TracerProvider: service=account-api protocol=http endpoint=localhost:4318","component":"OtelProvider"}
{"level":"info","ts":"2026-04-30T21:14:27.882+0200","caller":"otel/metric_provider.go:16","msg":"Setting up OTel MeterProvider: service=account-api protocol=http endpoint=localhost:4318","component":"OtelProvider"}
{"level":"info","ts":"2026-04-30T21:14:27.882+0200","caller":"otel/log_provider.go:16","msg":"Setting up OTel LoggerProvider: service=account-api protocol=http endpoint=localhost:4318","component":"OtelProvider"}
{"level":"info","ts":"2026-04-30T21:14:27.883+0200","caller":"server/web_server.go:66","msg":"Setting up OAuth2 middleware","component":"WebServerProvisioner"}
{"level":"info","ts":"2026-04-30T21:14:27.885+0200","caller":"security/jwt.go:21","msg":"OAuth2 middleware set up with role: ROLE_USER","component":"Jwt"}
{"level":"info","ts":"2026-05-02T10:53:09.519+0200","caller":"otel/tracing_provider.go:35","msg":"Setting up OTel TracerProvider: service=account-api protocol=http endpoint=localhost:4318","component":"OtelProvider"}
{"level":"info","ts":"2026-05-02T10:53:09.519+0200","caller":"otel/metric_provider.go:16","msg":"Setting up OTel MeterProvider: service=account-api protocol=http endpoint=localhost:4318","component":"OtelProvider"}
{"level":"info","ts":"2026-05-02T10:53:09.519+0200","caller":"otel/log_provider.go:16","msg":"Setting up OTel LoggerProvider: service=account-api protocol=http endpoint=localhost:4318","component":"OtelProvider"}
{"level":"info","ts":"2026-05-02T10:53:09.520+0200","caller":"server/web_server.go:74","msg":"Setting up OAuth2 middleware","component":"WebServerProvisioner"}
{"level":"info","ts":"2026-05-02T10:53:09.523+0200","caller":"security/jwt.go:30","msg":"OAuth2 middleware set up with role: ROLE_USER","component":"Jwt"}
{"level":"info","ts":"2026-05-02T21:40:48.667+0200","caller":"otel/tracing_provider.go:35","msg":"Setting up OTel TracerProvider: service=account-api protocol=http endpoint=localhost:4318","component":"OtelProvider"}
{"level":"info","ts":"2026-05-02T21:40:48.667+0200","caller":"otel/metric_provider.go:16","msg":"Setting up OTel MeterProvider: service=account-api protocol=http endpoint=localhost:4318","component":"OtelProvider"}
{"level":"info","ts":"2026-05-02T21:40:48.667+0200","caller":"otel/log_provider.go:16","msg":"Setting up OTel LoggerProvider: service=account-api protocol=http endpoint=localhost:4318","component":"OtelProvider"}
{"level":"info","ts":"2026-05-02T21:40:48.667+0200","caller":"server/web_server.go:72","msg":"Setting up OAuth2 middleware","component":"WebServerProvisioner"}
{"level":"info","ts":"2026-05-02T21:40:48.670+0200","caller":"security/jwt.go:30","msg":"OAuth2 middleware set up with role: ROLE_USER","component":"Jwt"}
{"level":"info","ts":"2026-05-02T21:40:48.670+0200","caller":"server/web_server.go:142","msg":"listening on 0.0.0.0:6060","component":"WebServerProvisioner"}
{"level":"info","ts":"2026-05-02T21:41:07.967+0200","caller":"server/web_server.go:161","msg":"shutdown signal received, draining connections","component":"WebServerProvisioner"}
{"level":"info","ts":"2026-05-02T21:41:07.968+0200","caller":"otel/tracing_provider.go:54","msg":"Shutting down OTel TracerProvider","component":"OtelProvider"}
{"level":"info","ts":"2026-05-02T21:41:07.968+0200","caller":"otel/metric_provider.go:30","msg":"Shutting down OTel MeterProvider","component":"OtelProvider"}
{"level":"info","ts":"2026-05-02T21:41:07.971+0200","caller":"otel/log_provider.go:30","msg":"Shutting down OTel LoggerProvider","component":"OtelProvider"}
{"level":"info","ts":"2026-05-02T21:41:08.701+0200","caller":"otel/tracing_provider.go:35","msg":"Setting up OTel TracerProvider: service=account-api protocol=http endpoint=localhost:4318","component":"OtelProvider"}
{"level":"info","ts":"2026-05-02T21:41:08.702+0200","caller":"otel/metric_provider.go:16","msg":"Setting up OTel MeterProvider: service=account-api protocol=http endpoint=localhost:4318","component":"OtelProvider"}
{"level":"info","ts":"2026-05-02T21:41:08.702+0200","caller":"otel/log_provider.go:16","msg":"Setting up OTel LoggerProvider: service=account-api protocol=http endpoint=localhost:4318","component":"OtelProvider"}
{"level":"info","ts":"2026-05-02T21:41:08.702+0200","caller":"server/web_server.go:72","msg":"Setting up OAuth2 middleware","component":"WebServerProvisioner"}
{"level":"info","ts":"2026-05-02T21:41:08.705+0200","caller":"security/jwt.go:30","msg":"OAuth2 middleware set up with role: ROLE_USER","component":"Jwt"}
{"level":"info","ts":"2026-05-02T21:41:08.705+0200","caller":"server/web_server.go:142","msg":"listening on 0.0.0.0:6060","component":"WebServerProvisioner"}
{"level":"info","ts":"2026-05-03T10:09:32.862+0200","caller":"server/web_server.go:161","msg":"shutdown signal received, draining connections","component":"WebServerProvisioner"}
{"level":"info","ts":"2026-05-03T10:09:32.863+0200","caller":"otel/tracing_provider.go:54","msg":"Shutting down OTel TracerProvider","component":"OtelProvider"}
{"level":"info","ts":"2026-05-03T10:09:32.863+0200","caller":"otel/metric_provider.go:30","msg":"Shutting down OTel MeterProvider","component":"OtelProvider"}
{"level":"info","ts":"2026-05-03T10:09:32.864+0200","caller":"otel/log_provider.go:30","msg":"Shutting down OTel LoggerProvider","component":"OtelProvider"}
{"level":"info","ts":"2026-05-03T10:09:34.374+0200","caller":"otel/tracing_provider.go:35","msg":"Setting up OTel TracerProvider: service=account-api protocol=http endpoint=localhost:4318","component":"OtelProvider"}
{"level":"info","ts":"2026-05-03T10:09:34.374+0200","caller":"otel/metric_provider.go:16","msg":"Setting up OTel MeterProvider: service=account-api protocol=http endpoint=localhost:4318","component":"OtelProvider"}
{"level":"info","ts":"2026-05-03T10:09:34.374+0200","caller":"otel/log_provider.go:16","msg":"Setting up OTel LoggerProvider: service=account-api protocol=http endpoint=localhost:4318","component":"OtelProvider"}
{"level":"info","ts":"2026-05-03T10:09:34.374+0200","caller":"server/web_server.go:83","msg":"Setting up OAuth2 middleware","component":"WebServerProvisioner"}
{"level":"info","ts":"2026-05-03T10:09:34.377+0200","caller":"security/jwt.go:30","msg":"OAuth2 middleware set up with role: ROLE_USER","component":"Jwt"}
{"level":"info","ts":"2026-05-03T10:09:34.377+0200","caller":"server/web_server.go:130","msg":"listening on 0.0.0.0:6060","component":"WebServerProvisioner"}
{"level":"info","ts":"2026-05-03T10:20:18.850+0200","caller":"server/web_server.go:149","msg":"shutdown signal received, draining connections","component":"WebServerProvisioner"}
{"level":"info","ts":"2026-05-03T10:20:20.369+0200","caller":"otel/tracing_provider.go:35","msg":"Setting up OTel TracerProvider: service=account-api protocol=http endpoint=localhost:4318","component":"OtelProvider"}
{"level":"info","ts":"2026-05-03T10:20:20.369+0200","caller":"otel/metric_provider.go:16","msg":"Setting up OTel MeterProvider: service=account-api protocol=http endpoint=localhost:4318","component":"OtelProvider"}
{"level":"info","ts":"2026-05-03T10:20:20.369+0200","caller":"otel/log_provider.go:16","msg":"Setting up OTel LoggerProvider: service=account-api protocol=http endpoint=localhost:4318","component":"OtelProvider"}
{"level":"info","ts":"2026-05-03T10:20:20.370+0200","caller":"server/web_server.go:85","msg":"Setting up OAuth2 middleware","component":"WebServerProvisioner"}
{"level":"info","ts":"2026-05-03T10:20:20.372+0200","caller":"security/jwt.go:30","msg":"OAuth2 middleware set up with role: ROLE_USER","component":"Jwt"}
{"level":"info","ts":"2026-05-03T10:20:20.372+0200","caller":"server/web_server.go:127","msg":"listening on 0.0.0.0:6060","component":"WebServerProvisioner"}
{"level":"info","ts":"2026-05-03T10:27:32.102+0200","caller":"server/web_server.go:146","msg":"shutdown signal received, draining connections","component":"WebServerProvisioner"}
{"level":"info","ts":"2026-05-03T10:27:34.126+0200","caller":"otel/tracing_provider.go:35","msg":"Setting up OTel TracerProvider: service=account-api protocol=http endpoint=localhost:4318","component":"OtelProvider"}
{"level":"info","ts":"2026-05-03T10:27:34.127+0200","caller":"otel/metric_provider.go:16","msg":"Setting up OTel MeterProvider: service=account-api protocol=http endpoint=localhost:4318","component":"OtelProvider"}
{"level":"info","ts":"2026-05-03T10:27:34.127+0200","caller":"otel/log_provider.go:16","msg":"Setting up OTel LoggerProvider: service=account-api protocol=http endpoint=localhost:4318","component":"OtelProvider"}
{"level":"info","ts":"2026-05-03T10:27:34.127+0200","caller":"server/web_server.go:84","msg":"Setting up OAuth2 middleware","component":"WebServerProvisioner"}
{"level":"info","ts":"2026-05-03T10:27:34.127+0200","caller":"otel/tracing_provider.go:35","msg":"Setting up OTel TracerProvider: service=account-api protocol=http endpoint=localhost:4318","component":"OtelProvider"}
{"level":"info","ts":"2026-05-03T10:27:34.127+0200","caller":"otel/metric_provider.go:16","msg":"Setting up OTel MeterProvider: service=account-api protocol=http endpoint=localhost:4318","component":"OtelProvider"}
{"level":"info","ts":"2026-05-03T10:27:34.127+0200","caller":"otel/log_provider.go:16","msg":"Setting up OTel LoggerProvider: service=account-api protocol=http endpoint=localhost:4318","component":"OtelProvider"}
{"level":"info","ts":"2026-05-03T10:27:34.130+0200","caller":"security/jwt.go:30","msg":"OAuth2 middleware set up with role: ROLE_USER","component":"Jwt"}
{"level":"info","ts":"2026-05-03T10:27:34.130+0200","caller":"server/web_server.go:124","msg":"listening on 0.0.0.0:6060","component":"WebServerProvisioner"}
{"level":"info","ts":"2026-05-03T13:24:09.648+0200","caller":"server/web_server.go:143","msg":"shutdown signal received, draining connections","component":"WebServerProvisioner"}
{"level":"info","ts":"2026-05-03T13:24:11.254+0200","caller":"otel/tracing_provider.go:35","msg":"Setting up OTel TracerProvider: service=account-api protocol=http endpoint=localhost:4318","component":"OtelProvider"}
{"level":"info","ts":"2026-05-03T13:24:11.254+0200","caller":"otel/metric_provider.go:16","msg":"Setting up OTel MeterProvider: service=account-api protocol=http endpoint=localhost:4318","component":"OtelProvider"}
{"level":"info","ts":"2026-05-03T13:24:11.255+0200","caller":"otel/log_provider.go:16","msg":"Setting up OTel LoggerProvider: service=account-api protocol=http endpoint=localhost:4318","component":"OtelProvider"}
{"level":"info","ts":"2026-05-03T13:24:11.255+0200","caller":"server/web_server.go:78","msg":"Setting up OAuth2 middleware","component":"WebServerProvisioner"}
{"level":"info","ts":"2026-05-03T13:24:11.255+0200","caller":"otel/tracing_provider.go:35","msg":"Setting up OTel TracerProvider: service=account-api protocol=http endpoint=localhost:4318","component":"OtelProvider"}
{"level":"info","ts":"2026-05-03T13:24:11.255+0200","caller":"otel/metric_provider.go:16","msg":"Setting up OTel MeterProvider: service=account-api protocol=http endpoint=localhost:4318","component":"OtelProvider"}
{"level":"info","ts":"2026-05-03T13:24:11.255+0200","caller":"otel/log_provider.go:16","msg":"Setting up OTel LoggerProvider: service=account-api protocol=http endpoint=localhost:4318","component":"OtelProvider"}
{"level":"info","ts":"2026-05-03T13:24:11.258+0200","caller":"security/jwt.go:30","msg":"OAuth2 middleware set up with role: ROLE_USER","component":"Jwt"}
{"level":"info","ts":"2026-05-03T13:24:11.258+0200","caller":"server/web_server.go:128","msg":"listening on 0.0.0.0:6060","component":"WebServerProvisioner"}
{"level":"info","ts":"2026-05-03T14:01:09.329+0200","caller":"otel/tracing_provider.go:35","msg":"Setting up OTel TracerProvider: service=account-api protocol=http endpoint=localhost:4318","component":"OtelProvider"}
{"level":"info","ts":"2026-05-03T14:01:09.329+0200","caller":"otel/metric_provider.go:16","msg":"Setting up OTel MeterProvider: service=account-api protocol=http endpoint=localhost:4318","component":"OtelProvider"}
{"level":"info","ts":"2026-05-03T14:01:09.330+0200","caller":"otel/log_provider.go:16","msg":"Setting up OTel LoggerProvider: service=account-api protocol=http endpoint=localhost:4318","component":"OtelProvider"}
{"level":"info","ts":"2026-05-03T14:01:09.330+0200","caller":"server/web_server.go:78","msg":"Setting up OAuth2 middleware","component":"WebServerProvisioner"}
{"level":"info","ts":"2026-05-03T14:01:09.330+0200","caller":"otel/tracing_provider.go:35","msg":"Setting up OTel TracerProvider: service=account-api protocol=http endpoint=localhost:4318","component":"OtelProvider"}
{"level":"info","ts":"2026-05-03T14:01:09.330+0200","caller":"otel/metric_provider.go:16","msg":"Setting up OTel MeterProvider: service=account-api protocol=http endpoint=localhost:4318","component":"OtelProvider"}
{"level":"info","ts":"2026-05-03T14:01:09.330+0200","caller":"otel/log_provider.go:16","msg":"Setting up OTel LoggerProvider: service=account-api protocol=http endpoint=localhost:4318","component":"OtelProvider"}
{"level":"error","ts":"2026-05-03T14:01:19.332+0200","caller":"security/jwk.go:34","msg":"jwk: register \"http://local.api.vauthenticator.com:9090/oauth2/jwks\": failed to add resource to httprc.Client: context deadline exceeded","component":"Jwk"}
{"level":"error","ts":"2026-05-03T14:01:19.332+0200","caller":"security/jwt.go:26","msg":"oauth2 setup: jwk: register \"http://local.api.vauthenticator.com:9090/oauth2/jwks\": failed to add resource to httprc.Client: context deadline exceeded","component":"Jwt"}
{"level":"error","ts":"2026-05-03T14:01:19.332+0200","caller":"server/oauth2_configurer.go:34","msg":"OAuth2 setup failed: oauth2 setup: jwk: register \"http://local.api.vauthenticator.com:9090/oauth2/jwks\": failed to add resource to httprc.Client: context deadline exceeded","component":"WebServerProvisioner"}
{"level":"info","ts":"2026-05-03T14:05:14.060+0200","caller":"otel/tracing_provider.go:35","msg":"Setting up OTel TracerProvider: service=account-api protocol=http endpoint=localhost:4318","component":"OtelProvider"}
{"level":"info","ts":"2026-05-03T14:05:14.061+0200","caller":"otel/metric_provider.go:16","msg":"Setting up OTel MeterProvider: service=account-api protocol=http endpoint=localhost:4318","component":"OtelProvider"}
{"level":"info","ts":"2026-05-03T14:05:14.061+0200","caller":"otel/log_provider.go:16","msg":"Setting up OTel LoggerProvider: service=account-api protocol=http endpoint=localhost:4318","component":"OtelProvider"}
{"level":"info","ts":"2026-05-03T14:05:14.061+0200","caller":"server/web_server.go:78","msg":"Setting up OAuth2 middleware","component":"WebServerProvisioner"}
{"level":"info","ts":"2026-05-03T14:05:14.061+0200","caller":"otel/tracing_provider.go:35","msg":"Setting up OTel TracerProvider: service=account-api protocol=http endpoint=localhost:4318","component":"OtelProvider"}
{"level":"info","ts":"2026-05-03T14:05:14.061+0200","caller":"otel/metric_provider.go:16","msg":"Setting up OTel MeterProvider: service=account-api protocol=http endpoint=localhost:4318","component":"OtelProvider"}
{"level":"info","ts":"2026-05-03T14:05:14.061+0200","caller":"otel/log_provider.go:16","msg":"Setting up OTel LoggerProvider: service=account-api protocol=http endpoint=localhost:4318","component":"OtelProvider"}
{"level":"info","ts":"2026-05-03T14:05:14.069+0200","caller":"security/jwt.go:30","msg":"OAuth2 middleware set up with role: ROLE_USER","component":"Jwt"}
{"level":"info","ts":"2026-05-03T14:05:14.069+0200","caller":"server/web_server.go:128","msg":"listening on 0.0.0.0:6060","component":"WebServerProvisioner"}
{"level":"info","ts":"2026-05-03T16:36:00.062+0200","caller":"server/web_server.go:147","msg":"shutdown signal received, draining connections","component":"WebServerProvisioner"}
{"level":"info","ts":"2026-05-03T16:36:01.553+0200","caller":"otel/tracing_provider.go:35","msg":"Setting up OTel TracerProvider: service=account-api protocol=http endpoint=localhost:4318","component":"OtelProvider"}
{"level":"info","ts":"2026-05-03T16:36:01.553+0200","caller":"otel/metric_provider.go:16","msg":"Setting up OTel MeterProvider: service=account-api protocol=http endpoint=localhost:4318","component":"OtelProvider"}
{"level":"info","ts":"2026-05-03T16:36:01.553+0200","caller":"otel/log_provider.go:16","msg":"Setting up OTel LoggerProvider: service=account-api protocol=http endpoint=localhost:4318","component":"OtelProvider"}
{"level":"info","ts":"2026-05-03T16:36:01.553+0200","caller":"server/web_server.go:85","msg":"Setting up OAuth2 middleware","component":"WebServerProvisioner"}
{"level":"info","ts":"2026-05-03T16:36:01.556+0200","caller":"security/jwt.go:30","msg":"OAuth2 middleware set up with role: ROLE_USER","component":"Jwt"}
{"level":"info","ts":"2026-05-03T16:36:01.557+0200","caller":"server/web_server.go:151","msg":"listening on 0.0.0.0:6060","component":"WebServerProvisioner"}
{"level":"info","ts":"2026-05-03T16:36:03.178+0200","caller":"server/web_server.go:170","msg":"shutdown signal received, draining connections","component":"WebServerProvisioner"}
{"level":"info","ts":"2026-05-03T16:36:03.178+0200","caller":"server/web_server.go:116","msg":"Server Shutdown has been started ....","component":"WebServerProvisioner"}
{"level":"info","ts":"2026-05-03T16:36:03.178+0200","caller":"server/web_server.go:117","msg":"There are 2 configurer to be disposed","component":"WebServerProvisioner"}
{"level":"info","ts":"2026-05-03T16:36:03.179+0200","caller":"otel/tracing_provider.go:54","msg":"Shutting down OTel TracerProvider","component":"OtelProvider"}
{"level":"info","ts":"2026-05-03T16:36:03.179+0200","caller":"otel/metric_provider.go:30","msg":"Shutting down OTel MeterProvider","component":"OtelProvider"}
{"level":"info","ts":"2026-05-03T16:36:03.181+0200","caller":"otel/log_provider.go:30","msg":"Shutting down OTel LoggerProvider","component":"OtelProvider"}
{"level":"info","ts":"2026-05-03T16:36:03.183+0200","caller":"server/web_server.go:125","msg":"Server Shutdown completed ....","component":"WebServerProvisioner"}
{"level":"info","ts":"2026-05-03T16:36:13.120+0200","caller":"otel/tracing_provider.go:35","msg":"Setting up OTel TracerProvider: service=account-api protocol=http endpoint=localhost:4318","component":"OtelProvider"}
{"level":"info","ts":"2026-05-03T16:36:13.120+0200","caller":"otel/metric_provider.go:16","msg":"Setting up OTel MeterProvider: service=account-api protocol=http endpoint=localhost:4318","component":"OtelProvider"}
{"level":"info","ts":"2026-05-03T16:36:13.120+0200","caller":"otel/log_provider.go:16","msg":"Setting up OTel LoggerProvider: service=account-api protocol=http endpoint=localhost:4318","component":"OtelProvider"}
{"level":"info","ts":"2026-05-03T16:36:13.120+0200","caller":"server/web_server.go:85","msg":"Setting up OAuth2 middleware","component":"WebServerProvisioner"}
{"level":"info","ts":"2026-05-03T16:36:13.123+0200","caller":"security/jwt.go:30","msg":"OAuth2 middleware set up with role: ROLE_USER","component":"Jwt"}
{"level":"info","ts":"2026-05-03T16:36:13.124+0200","caller":"server/web_server.go:151","msg":"listening on 0.0.0.0:6060","component":"WebServerProvisioner"}
{"level":"info","ts":"2026-05-03T19:44:14.347+0200","caller":"server/web_server.go:170","msg":"shutdown signal received, draining connections","component":"WebServerProvisioner"}
{"level":"info","ts":"2026-05-03T19:44:14.347+0200","caller":"server/web_server.go:116","msg":"Server Shutdown has been started ....","component":"WebServerProvisioner"}
{"level":"info","ts":"2026-05-03T19:44:14.347+0200","caller":"server/web_server.go:117","msg":"There are 2 configurer to be disposed","component":"WebServerProvisioner"}
{"level":"info","ts":"2026-05-03T19:44:14.347+0200","caller":"otel/tracing_provider.go:54","msg":"Shutting down OTel TracerProvider","component":"OtelProvider"}
{"level":"info","ts":"2026-05-03T19:44:14.347+0200","caller":"otel/metric_provider.go:30","msg":"Shutting down OTel MeterProvider","component":"OtelProvider"}
{"level":"info","ts":"2026-05-03T19:44:14.347+0200","caller":"otel/log_provider.go:30","msg":"Shutting down OTel LoggerProvider","component":"OtelProvider"}
{"level":"info","ts":"2026-05-03T19:44:14.348+0200","caller":"server/web_server.go:125","msg":"Server Shutdown completed ....","component":"WebServerProvisioner"}
{"level":"info","ts":"2026-05-03T19:44:16.314+0200","caller":"server/web_server.go:65","msg":"configuring otel","component":"WebServerProvisioner"}
{"level":"info","ts":"2026-05-03T19:44:16.314+0200","caller":"otel/tracing_provider.go:35","msg":"Setting up OTel TracerProvider: service=account-api protocol=http endpoint=localhost:4318","component":"OtelProvider"}
{"level":"info","ts":"2026-05-03T19:44:16.314+0200","caller":"otel/metric_provider.go:16","msg":"Setting up OTel MeterProvider: service=account-api protocol=http endpoint=localhost:4318","component":"OtelProvider"}
{"level":"info","ts":"2026-05-03T19:44:16.314+0200","caller":"otel/log_provider.go:16","msg":"Setting up OTel LoggerProvider: service=account-api protocol=http endpoint=localhost:4318","component":"OtelProvider"}
{"level":"info","ts":"2026-05-03T19:44:16.315+0200","caller":"server/web_server.go:65","msg":"configuring standard-middleware","component":"WebServerProvisioner"}
{"level":"info","ts":"2026-05-03T19:44:16.315+0200","caller":"server/web_server.go:65","msg":"configuring oauth2","component":"WebServerProvisioner"}
{"level":"info","ts":"2026-05-03T19:44:16.318+0200","caller":"security/jwt.go:30","msg":"OAuth2 middleware set up with role: ROLE_USER","component":"Jwt"}
{"level":"info","ts":"2026-05-03T19:44:16.318+0200","caller":"server/web_server.go:142","msg":"listening on 0.0.0.0:6060","component":"WebServerProvisioner"}
{"level":"info","ts":"2026-05-03T21:56:19.397+0200","caller":"server/web_server.go:161","msg":"shutdown signal received, draining connections","component":"WebServerProvisioner"}
{"level":"info","ts":"2026-05-03T21:56:19.397+0200","caller":"server/web_server.go:97","msg":"Server Shutdown has been started ....","component":"WebServerProvisioner"}
{"level":"info","ts":"2026-05-03T21:56:19.397+0200","caller":"server/web_server.go:98","msg":"There are 3 configurer to be disposed","component":"WebServerProvisioner"}
{"level":"info","ts":"2026-05-03T21:56:19.397+0200","caller":"otel/tracing_provider.go:54","msg":"Shutting down OTel TracerProvider","component":"OtelProvider"}
{"level":"info","ts":"2026-05-03T21:56:19.397+0200","caller":"otel/metric_provider.go:30","msg":"Shutting down OTel MeterProvider","component":"OtelProvider"}
{"level":"info","ts":"2026-05-03T21:56:19.398+0200","caller":"otel/log_provider.go:30","msg":"Shutting down OTel LoggerProvider","component":"OtelProvider"}
{"level":"info","ts":"2026-05-03T21:56:19.400+0200","caller":"server/web_server.go:108","msg":"Server Shutdown completed ....","component":"WebServerProvisioner"}
{"level":"info","ts":"2026-05-03T21:56:19.400+0200","caller":"server/web_server.go:97","msg":"Server Shutdown has been started ....","component":"WebServerProvisioner"}
{"level":"info","ts":"2026-05-03T21:56:19.400+0200","caller":"server/web_server.go:98","msg":"There are 0 configurer to be disposed","component":"WebServerProvisioner"}
{"level":"info","ts":"2026-05-03T21:56:19.400+0200","caller":"server/web_server.go:108","msg":"Server Shutdown completed ....","component":"WebServerProvisioner"}
{"level":"info","ts":"2026-05-03T22:44:49.002+0200","caller":"server/web_server.go:65","msg":"configuring otel","component":"WebServerProvisioner"}
{"level":"info","ts":"2026-05-03T22:44:49.002+0200","caller":"otel/tracing_provider.go:35","msg":"Setting up OTel TracerProvider: service=account-api protocol=http endpoint=localhost:4318","component":"OtelProvider"}
{"level":"info","ts":"2026-05-03T22:44:49.002+0200","caller":"otel/metric_provider.go:16","msg":"Setting up OTel MeterProvider: service=account-api protocol=http endpoint=localhost:4318","component":"OtelProvider"}
{"level":"info","ts":"2026-05-03T22:44:49.002+0200","caller":"otel/log_provider.go:16","msg":"Setting up OTel LoggerProvider: service=account-api protocol=http endpoint=localhost:4318","component":"OtelProvider"}
{"level":"info","ts":"2026-05-03T22:44:49.003+0200","caller":"server/web_server.go:65","msg":"configuring standard-middleware","component":"WebServerProvisioner"}
{"level":"info","ts":"2026-05-03T22:44:49.003+0200","caller":"server/web_server.go:65","msg":"configuring oauth2","component":"WebServerProvisioner"}
{"level":"info","ts":"2026-05-03T22:44:49.007+0200","caller":"security/jwt.go:30","msg":"OAuth2 middleware set up with role: ROLE_USER","component":"Jwt"}
{"level":"info","ts":"2026-05-03T22:44:49.008+0200","caller":"server/web_server.go:142","msg":"listening on 0.0.0.0:6060","component":"WebServerProvisioner"}
{"level":"info","ts":"2026-05-03T22:46:23.437+0200","caller":"server/web_server.go:161","msg":"shutdown signal received, draining connections","component":"WebServerProvisioner"}
{"level":"info","ts":"2026-05-03T22:46:23.438+0200","caller":"server/web_server.go:97","msg":"Server Shutdown has been started ....","component":"WebServerProvisioner"}
{"level":"info","ts":"2026-05-03T22:46:23.438+0200","caller":"server/web_server.go:98","msg":"There are 3 configurer to be disposed","component":"WebServerProvisioner"}
{"level":"info","ts":"2026-05-03T22:46:23.438+0200","caller":"otel/tracing_provider.go:54","msg":"Shutting down OTel TracerProvider","component":"OtelProvider"}
{"level":"info","ts":"2026-05-03T22:46:23.438+0200","caller":"otel/metric_provider.go:30","msg":"Shutting down OTel MeterProvider","component":"OtelProvider"}
{"level":"info","ts":"2026-05-03T22:46:23.440+0200","caller":"otel/log_provider.go:30","msg":"Shutting down OTel LoggerProvider","component":"OtelProvider"}
{"level":"info","ts":"2026-05-03T22:46:23.442+0200","caller":"server/web_server.go:108","msg":"Server Shutdown completed ....","component":"WebServerProvisioner"}
{"level":"info","ts":"2026-05-03T22:46:23.442+0200","caller":"server/web_server.go:97","msg":"Server Shutdown has been started ....","component":"WebServerProvisioner"}
{"level":"info","ts":"2026-05-03T22:46:23.442+0200","caller":"server/web_server.go:98","msg":"There are 0 configurer to be disposed","component":"WebServerProvisioner"}
{"level":"info","ts":"2026-05-03T22:46:23.442+0200","caller":"server/web_server.go:108","msg":"Server Shutdown completed ....","component":"WebServerProvisioner"}
{"level":"info","ts":"2026-05-03T22:46:24.853+0200","caller":"server/web_server.go:65","msg":"configuring otel","component":"WebServerProvisioner"}
{"level":"info","ts":"2026-05-03T22:46:24.853+0200","caller":"otel/tracing_provider.go:35","msg":"Setting up OTel TracerProvider: service=account-api protocol=http endpoint=localhost:4318","component":"OtelProvider"}
{"level":"info","ts":"2026-05-03T22:46:24.853+0200","caller":"otel/metric_provider.go:16","msg":"Setting up OTel MeterProvider: service=account-api protocol=http endpoint=localhost:4318","component":"OtelProvider"}
{"level":"info","ts":"2026-05-03T22:46:24.853+0200","caller":"otel/log_provider.go:16","msg":"Setting up OTel LoggerProvider: service=account-api protocol=http endpoint=localhost:4318","component":"OtelProvider"}
{"level":"info","ts":"2026-05-03T22:46:24.853+0200","caller":"server/web_server.go:65","msg":"configuring standard-middleware","component":"WebServerProvisioner"}
{"level":"info","ts":"2026-05-03T22:46:24.853+0200","caller":"server/web_server.go:65","msg":"configuring oauth2","component":"WebServerProvisioner"}
{"level":"info","ts":"2026-05-03T22:46:24.858+0200","caller":"security/jwt.go:30","msg":"OAuth2 middleware set up with role: ROLE_USER","component":"Jwt"}
{"level":"info","ts":"2026-05-03T22:46:24.858+0200","caller":"server/web_server.go:142","msg":"listening on 0.0.0.0:6060","component":"WebServerProvisioner"}
{"level":"info","ts":"2026-05-08T08:38:55.131+0200","caller":"server/web_server.go:65","msg":"configuring otel","component":"WebServerProvisioner"}
{"level":"info","ts":"2026-05-08T08:38:55.135+0200","caller":"otel/tracing_provider.go:35","msg":"Setting up OTel TracerProvider: service=account-api protocol=http endpoint=localhost:4318","component":"OtelProvider"}
{"level":"info","ts":"2026-05-08T08:38:55.135+0200","caller":"otel/metric_provider.go:16","msg":"Setting up OTel MeterProvider: service=account-api protocol=http endpoint=localhost:4318","component":"OtelProvider"}
{"level":"info","ts":"2026-05-08T08:38:55.137+0200","caller":"otel/log_provider.go:16","msg":"Setting up OTel LoggerProvider: service=account-api protocol=http endpoint=localhost:4318","component":"OtelProvider"}
{"level":"info","ts":"2026-05-08T08:38:55.139+0200","caller":"server/web_server.go:65","msg":"configuring standard-middleware","component":"WebServerProvisioner"}
{"level":"info","ts":"2026-05-08T08:38:55.139+0200","caller":"server/web_server.go:65","msg":"configuring oauth2","component":"WebServerProvisioner"}
{"level":"info","ts":"2026-05-08T08:38:55.152+0200","caller":"security/jwt.go:30","msg":"OAuth2 middleware set up with role: ROLE_USER","component":"Jwt"}
{"level":"info","ts":"2026-05-08T08:38:55.152+0200","caller":"server/web_server.go:142","msg":"listening on 0.0.0.0:6060","component":"WebServerProvisioner"}
{"level":"info","ts":"2026-05-10T15:25:18.683+0200","caller":"server/web_server.go:161","msg":"shutdown signal received, draining connections","component":"WebServerProvisioner"}
{"level":"info","ts":"2026-05-10T15:25:18.684+0200","caller":"server/web_server.go:97","msg":"Server Shutdown has been started ....","component":"WebServerProvisioner"}
{"level":"info","ts":"2026-05-10T15:25:18.684+0200","caller":"server/web_server.go:98","msg":"There are 3 configurer to be disposed","component":"WebServerProvisioner"}
{"level":"info","ts":"2026-05-10T15:25:18.684+0200","caller":"otel/tracing_provider.go:54","msg":"Shutting down OTel TracerProvider","component":"OtelProvider"}
{"level":"info","ts":"2026-05-10T15:25:18.803+0200","caller":"otel/metric_provider.go:30","msg":"Shutting down OTel MeterProvider","component":"OtelProvider"}
{"level":"info","ts":"2026-05-10T15:25:18.807+0200","caller":"otel/log_provider.go:30","msg":"Shutting down OTel LoggerProvider","component":"OtelProvider"}
{"level":"info","ts":"2026-05-10T15:25:18.808+0200","caller":"server/web_server.go:108","msg":"Server Shutdown completed ....","component":"WebServerProvisioner"}
{"level":"info","ts":"2026-05-10T15:25:18.810+0200","caller":"server/web_server.go:97","msg":"Server Shutdown has been started ....","component":"WebServerProvisioner"}
{"level":"info","ts":"2026-05-10T15:25:18.810+0200","caller":"server/web_server.go:98","msg":"There are 0 configurer to be disposed","component":"WebServerProvisioner"}
{"level":"info","ts":"2026-05-10T15:25:18.810+0200","caller":"server/web_server.go:108","msg":"Server Shutdown completed ....","component":"WebServerProvisioner"}
{"level":"info","ts":"2026-05-10T16:16:27.621+0200","caller":"server/web_server.go:65","msg":"configuring otel","component":"WebServerProvisioner"}
{"level":"info","ts":"2026-05-10T16:16:27.622+0200","caller":"otel/tracing_provider.go:35","msg":"Setting up OTel TracerProvider: service=account-api protocol=http endpoint=localhost:4318","component":"OtelProvider"}
{"level":"info","ts":"2026-05-10T16:16:27.622+0200","caller":"otel/metric_provider.go:16","msg":"Setting up OTel MeterProvider: service=account-api protocol=http endpoint=localhost:4318","component":"OtelProvider"}
{"level":"info","ts":"2026-05-10T16:16:27.622+0200","caller":"otel/log_provider.go:16","msg":"Setting up OTel LoggerProvider: service=account-api protocol=http endpoint=localhost:4318","component":"OtelProvider"}
{"level":"info","ts":"2026-05-10T16:16:27.622+0200","caller":"server/web_server.go:65","msg":"configuring standard-middleware","component":"WebServerProvisioner"}
{"level":"info","ts":"2026-05-10T16:16:27.622+0200","caller":"server/web_server.go:65","msg":"configuring oauth2","component":"WebServerProvisioner"}
{"level":"error","ts":"2026-05-10T16:16:37.622+0200","caller":"security/jwk.go:38","msg":"jwk: register \"http://local.api.vauthenticator.com:9090/oauth2/jwks\": failed to add resource to httprc.Client: context deadline exceeded","component":"Jwk"}
{"level":"error","ts":"2026-05-10T16:16:37.623+0200","caller":"security/jwt.go:26","msg":"oauth2 setup: jwk: register \"http://local.api.vauthenticator.com:9090/oauth2/jwks\": failed to add resource to httprc.Client: context deadline exceeded","component":"Jwt"}
{"level":"error","ts":"2026-05-10T16:16:37.623+0200","caller":"server/web_server.go:67","msg":"oauth2 configure failed: oauth2 setup: oauth2 setup: jwk: register \"http://local.api.vauthenticator.com:9090/oauth2/jwks\": failed to add resource to httprc.Client: context deadline exceeded","component":"WebServerProvisioner"}
{"level":"info","ts":"2026-05-10T16:16:37.623+0200","caller":"server/web_server.go:97","msg":"Server Shutdown has been started ....","component":"WebServerProvisioner"}
{"level":"info","ts":"2026-05-10T16:16:37.623+0200","caller":"server/web_server.go:98","msg":"There are 3 configurer to be disposed","component":"WebServerProvisioner"}
{"level":"info","ts":"2026-05-10T16:16:37.623+0200","caller":"otel/tracing_provider.go:54","msg":"Shutting down OTel TracerProvider","component":"OtelProvider"}
{"level":"info","ts":"2026-05-10T16:16:37.623+0200","caller":"otel/metric_provider.go:30","msg":"Shutting down OTel MeterProvider","component":"OtelProvider"}
{"level":"info","ts":"2026-05-10T16:16:37.624+0200","caller":"otel/log_provider.go:30","msg":"Shutting down OTel LoggerProvider","component":"OtelProvider"}
{"level":"info","ts":"2026-05-10T16:16:37.625+0200","caller":"server/web_server.go:108","msg":"Server Shutdown completed ....","component":"WebServerProvisioner"}
{"level":"info","ts":"2026-05-10T16:58:13.826+0200","caller":"server/web_server.go:65","msg":"configuring otel","component":"WebServerProvisioner"}
{"level":"info","ts":"2026-05-10T16:58:13.826+0200","caller":"otel/tracing_provider.go:35","msg":"Setting up OTel TracerProvider: service=account-api protocol=http endpoint=localhost:4318","component":"OtelProvider"}
{"level":"info","ts":"2026-05-10T16:58:13.826+0200","caller":"otel/metric_provider.go:16","msg":"Setting up OTel MeterProvider: service=account-api protocol=http endpoint=localhost:4318","component":"OtelProvider"}
{"level":"info","ts":"2026-05-10T16:58:13.826+0200","caller":"otel/log_provider.go:16","msg":"Setting up OTel LoggerProvider: service=account-api protocol=http endpoint=localhost:4318","component":"OtelProvider"}
{"level":"info","ts":"2026-05-10T16:58:13.826+0200","caller":"server/web_server.go:65","msg":"configuring standard-middleware","component":"WebServerProvisioner"}
{"level":"info","ts":"2026-05-10T16:58:13.826+0200","caller":"server/web_server.go:65","msg":"configuring oauth2","component":"WebServerProvisioner"}
{"level":"info","ts":"2026-05-10T16:58:13.830+0200","caller":"security/jwt.go:30","msg":"OAuth2 middleware set up with role: ROLE_USER","component":"Jwt"}
{"level":"info","ts":"2026-05-10T16:58:13.830+0200","caller":"server/web_server.go:142","msg":"listening on 0.0.0.0:6060","component":"WebServerProvisioner"}
{"level":"info","ts":"2026-05-10T21:44:41.738+0200","caller":"security/jwt.go:77","msg":"authenticating user: valerio.vaudi@gmail.com\n","component":"Jwt"}
{"level":"info","ts":"2026-05-10T21:44:41.738+0200","caller":"security/jwt.go:86","msg":"user valerio.vaudi@gmail.com has those authority [ROLE_BUDGET ROLE_USER FACTOR_PASSWORD]\n","component":"Jwt"}
{"level":"info","ts":"2026-05-10T21:44:41.738+0200","caller":"security/jwt.go:94","msg":"user valerio.vaudi@gmail.com has required authority: ROLE_USER","component":"Jwt"}
{"level":"info","ts":"2026-05-10T21:44:41.738+0200","caller":"security/jwt.go:102","msg":"authenticated user: valerio.vaudi@gmail.com\n","component":"Jwt"}
{"level":"info","ts":"2026-05-13T18:23:35.582+0200","caller":"server/web_server.go:65","msg":"configuring otel","component":"WebServerProvisioner"}
{"level":"info","ts":"2026-05-13T18:23:35.582+0200","caller":"otel/tracing_provider.go:35","msg":"Setting up OTel TracerProvider: service=account-api protocol=http endpoint=localhost:4318","component":"OtelProvider"}
{"level":"info","ts":"2026-05-13T18:23:35.582+0200","caller":"otel/metric_provider.go:16","msg":"Setting up OTel MeterProvider: service=account-api protocol=http endpoint=localhost:4318","component":"OtelProvider"}
{"level":"info","ts":"2026-05-13T18:23:35.582+0200","caller":"otel/log_provider.go:16","msg":"Setting up OTel LoggerProvider: service=account-api protocol=http endpoint=localhost:4318","component":"OtelProvider"}
{"level":"info","ts":"2026-05-13T18:23:35.583+0200","caller":"server/web_server.go:65","msg":"configuring standard-middleware","component":"WebServerProvisioner"}
{"level":"info","ts":"2026-05-13T18:23:35.583+0200","caller":"server/web_server.go:65","msg":"configuring oauth2","component":"WebServerProvisioner"}
{"level":"info","ts":"2026-05-13T18:23:35.588+0200","caller":"security/jwt.go:30","msg":"OAuth2 middleware set up with role: ROLE_USER","component":"Jwt"}
{"level":"info","ts":"2026-05-13T18:23:35.588+0200","caller":"server/web_server.go:142","msg":"listening on 0.0.0.0:6060","component":"WebServerProvisioner"}
{"level":"info","ts":"2026-05-20T22:16:43.882+0200","caller":"server/web_server.go:65","msg":"configuring otel","component":"WebServerProvisioner"}
{"level":"info","ts":"2026-05-20T22:16:43.882+0200","caller":"otel/tracing_provider.go:35","msg":"Setting up OTel TracerProvider: service=account-api protocol=http endpoint=localhost:4318","component":"OtelProvider"}
{"level":"info","ts":"2026-05-20T22:16:43.883+0200","caller":"otel/metric_provider.go:16","msg":"Setting up OTel MeterProvider: service=account-api protocol=http endpoint=localhost:4318","component":"OtelProvider"}
{"level":"info","ts":"2026-05-20T22:16:43.883+0200","caller":"otel/log_provider.go:16","msg":"Setting up OTel LoggerProvider: service=account-api protocol=http endpoint=localhost:4318","component":"OtelProvider"}
{"level":"info","ts":"2026-05-20T22:16:43.883+0200","caller":"server/web_server.go:65","msg":"configuring standard-middleware","component":"WebServerProvisioner"}
{"level":"info","ts":"2026-05-20T22:16:43.883+0200","caller":"server/web_server.go:65","msg":"configuring oauth2","component":"WebServerProvisioner"}
{"level":"info","ts":"2026-05-20T22:16:43.889+0200","caller":"security/jwt.go:30","msg":"OAuth2 middleware set up with role: ROLE_USER","component":"Jwt"}
{"level":"info","ts":"2026-05-20T22:16:43.889+0200","caller":"server/web_server.go:142","msg":"listening on 0.0.0.0:6060","component":"WebServerProvisioner"}
{"level":"info","ts":"2026-05-22T22:51:40.232+0200","caller":"server/web_server.go:161","msg":"shutdown signal received, draining connections","component":"WebServerProvisioner"}
{"level":"info","ts":"2026-05-22T22:51:40.232+0200","caller":"server/web_server.go:97","msg":"Server Shutdown has been started ....","component":"WebServerProvisioner"}
{"level":"info","ts":"2026-05-22T22:51:40.232+0200","caller":"server/web_server.go:98","msg":"There are 3 configurer to be disposed","component":"WebServerProvisioner"}
{"level":"info","ts":"2026-05-22T22:51:40.233+0200","caller":"otel/tracing_provider.go:54","msg":"Shutting down OTel TracerProvider","component":"OtelProvider"}
{"level":"info","ts":"2026-05-22T22:51:40.233+0200","caller":"otel/metric_provider.go:30","msg":"Shutting down OTel MeterProvider","component":"OtelProvider"}
{"level":"info","ts":"2026-05-22T22:51:40.234+0200","caller":"otel/log_provider.go:30","msg":"Shutting down OTel LoggerProvider","component":"OtelProvider"}
{"level":"info","ts":"2026-05-22T22:51:40.235+0200","caller":"server/web_server.go:108","msg":"Server Shutdown completed ....","component":"WebServerProvisioner"}
{"level":"info","ts":"2026-05-22T22:51:40.236+0200","caller":"server/web_server.go:97","msg":"Server Shutdown has been started ....","component":"WebServerProvisioner"}
{"level":"info","ts":"2026-05-22T22:51:40.237+0200","caller":"server/web_server.go:98","msg":"There are 0 configurer to be disposed","component":"WebServerProvisioner"}
{"level":"info","ts":"2026-05-22T22:51:40.237+0200","caller":"server/web_server.go:108","msg":"Server Shutdown completed ....","component":"WebServerProvisioner"}
{"level":"info","ts":"2026-05-26T14:41:55.705+0200","caller":"server/web_server.go:65","msg":"configuring otel","component":"WebServerProvisioner"}
{"level":"info","ts":"2026-05-26T14:41:55.710+0200","caller":"otel/tracing_provider.go:35","msg":"Setting up OTel TracerProvider: service=account-api protocol=http endpoint=localhost:4318","component":"OtelProvider"}
{"level":"info","ts":"2026-05-26T14:41:55.711+0200","caller":"otel/metric_provider.go:16","msg":"Setting up OTel MeterProvider: service=account-api protocol=http endpoint=localhost:4318","component":"OtelProvider"}
{"level":"info","ts":"2026-05-26T14:41:55.713+0200","caller":"otel/log_provider.go:16","msg":"Setting up OTel LoggerProvider: service=account-api protocol=http endpoint=localhost:4318","component":"OtelProvider"}
{"level":"info","ts":"2026-05-26T14:41:55.717+0200","caller":"server/web_server.go:65","msg":"configuring standard-middleware","component":"WebServerProvisioner"}
{"level":"info","ts":"2026-05-26T14:41:55.719+0200","caller":"server/web_server.go:65","msg":"configuring oauth2","component":"WebServerProvisioner"}
{"level":"info","ts":"2026-05-26T14:41:55.757+0200","caller":"security/jwt.go:30","msg":"OAuth2 middleware set up with role: ROLE_USER","component":"Jwt"}
{"level":"info","ts":"2026-05-26T14:41:55.757+0200","caller":"server/web_server.go:142","msg":"listening on 0.0.0.0:6060","component":"WebServerProvisioner"}
{"level":"info","ts":"2026-05-26T23:24:21.081+0200","caller":"server/web_server.go:161","msg":"shutdown signal received, draining connections","component":"WebServerProvisioner"}
{"level":"info","ts":"2026-05-26T23:24:21.081+0200","caller":"server/web_server.go:97","msg":"Server Shutdown has been started ....","component":"WebServerProvisioner"}
{"level":"info","ts":"2026-05-26T23:24:21.081+0200","caller":"server/web_server.go:98","msg":"There are 3 configurer to be disposed","component":"WebServerProvisioner"}
{"level":"info","ts":"2026-05-26T23:24:21.081+0200","caller":"otel/tracing_provider.go:54","msg":"Shutting down OTel TracerProvider","component":"OtelProvider"}
{"level":"info","ts":"2026-05-26T23:24:21.086+0200","caller":"otel/metric_provider.go:30","msg":"Shutting down OTel MeterProvider","component":"OtelProvider"}
{"level":"info","ts":"2026-05-26T23:24:21.129+0200","caller":"otel/log_provider.go:30","msg":"Shutting down OTel LoggerProvider","component":"OtelProvider"}
{"level":"info","ts":"2026-05-26T23:24:21.133+0200","caller":"server/web_server.go:108","msg":"Server Shutdown completed ....","component":"WebServerProvisioner"}
{"level":"info","ts":"2026-05-26T23:24:21.135+0200","caller":"server/web_server.go:97","msg":"Server Shutdown has been started ....","component":"WebServerProvisioner"}
{"level":"info","ts":"2026-05-26T23:24:21.135+0200","caller":"server/web_server.go:98","msg":"There are 0 configurer to be disposed","component":"WebServerProvisioner"}
{"level":"info","ts":"2026-05-26T23:24:21.135+0200","caller":"server/web_server.go:108","msg":"Server Shutdown completed ....","component":"WebServerProvisioner"}
{"level":"info","ts":"2026-05-27T07:36:29.588+0200","caller":"server/web_server.go:65","msg":"configuring otel","component":"WebServerProvisioner"}
{"level":"info","ts":"2026-05-27T07:36:29.593+0200","caller":"otel/tracing_provider.go:35","msg":"Setting up OTel TracerProvider: service=account-api protocol=http endpoint=localhost:4318","component":"OtelProvider"}
{"level":"info","ts":"2026-05-27T07:36:29.594+0200","caller":"otel/metric_provider.go:16","msg":"Setting up OTel MeterProvider: service=account-api protocol=http endpoint=localhost:4318","component":"OtelProvider"}
{"level":"info","ts":"2026-05-27T07:36:29.596+0200","caller":"otel/log_provider.go:16","msg":"Setting up OTel LoggerProvider: service=account-api protocol=http endpoint=localhost:4318","component":"OtelProvider"}
{"level":"info","ts":"2026-05-27T07:36:29.604+0200","caller":"server/web_server.go:65","msg":"configuring standard-middleware","component":"WebServerProvisioner"}
{"level":"info","ts":"2026-05-27T07:36:29.604+0200","caller":"server/web_server.go:65","msg":"configuring oauth2","component":"WebServerProvisioner"}
{"level":"info","ts":"2026-05-27T07:36:29.636+0200","caller":"security/jwt.go:30","msg":"OAuth2 middleware set up with role: ROLE_USER","component":"Jwt"}
{"level":"info","ts":"2026-05-27T07:36:29.638+0200","caller":"server/web_server.go:142","msg":"listening on 0.0.0.0:6060","component":"WebServerProvisioner"}
{"level":"info","ts":"2026-06-02T13:40:43.042+0200","caller":"security/jwt.go:77","msg":"authenticating user: valerio.vaudi@gmail.com\n","component":"Jwt"}
{"level":"info","ts":"2026-06-02T13:40:43.042+0200","caller":"security/jwt.go:86","msg":"user valerio.vaudi@gmail.com has those authority [ROLE_BUDGET ROLE_USER FACTOR_PASSWORD]\n","component":"Jwt"}
{"level":"info","ts":"2026-06-02T13:40:43.043+0200","caller":"security/jwt.go:94","msg":"user valerio.vaudi@gmail.com has required authority: ROLE_USER","component":"Jwt"}
{"level":"info","ts":"2026-06-02T13:40:43.043+0200","caller":"security/jwt.go:102","msg":"authenticated user: valerio.vaudi@gmail.com\n","component":"Jwt"}
{"level":"error","ts":"2026-06-02T13:40:43.079+0200","caller":"rest/vauthenticator_account_repository.go:131","msg":"vauthenticator userinfo endpoint returned unexpected status: 500","component":"VauthenticatorAccountRepository"}
{"level":"error","ts":"2026-06-02T13:40:43.080+0200","caller":"web/endpoint.go:28","msg":"vauthenticator userinfo endpoint returned status 500","component":"web.RegisterEndpoints"}
{"level":"info","ts":"2026-06-02T15:57:59.652+0200","caller":"server/web_server.go:161","msg":"shutdown signal received, draining connections","component":"WebServerProvisioner"}
{"level":"info","ts":"2026-06-02T15:57:59.658+0200","caller":"server/web_server.go:97","msg":"Server Shutdown has been started ....","component":"WebServerProvisioner"}
{"level":"info","ts":"2026-06-02T15:57:59.658+0200","caller":"server/web_server.go:98","msg":"There are 3 configurer to be disposed","component":"WebServerProvisioner"}
{"level":"info","ts":"2026-06-02T15:57:59.659+0200","caller":"otel/tracing_provider.go:54","msg":"Shutting down OTel TracerProvider","component":"OtelProvider"}
{"level":"info","ts":"2026-06-02T15:57:59.659+0200","caller":"otel/metric_provider.go:30","msg":"Shutting down OTel MeterProvider","component":"OtelProvider"}
{"level":"info","ts":"2026-06-02T15:57:59.663+0200","caller":"otel/log_provider.go:30","msg":"Shutting down OTel LoggerProvider","component":"OtelProvider"}
{"level":"info","ts":"2026-06-02T15:57:59.782+0200","caller":"server/web_server.go:108","msg":"Server Shutdown completed ....","component":"WebServerProvisioner"}
{"level":"info","ts":"2026-06-02T15:57:59.786+0200","caller":"server/web_server.go:97","msg":"Server Shutdown has been started ....","component":"WebServerProvisioner"}
{"level":"info","ts":"2026-06-02T15:57:59.786+0200","caller":"server/web_server.go:98","msg":"There are 0 configurer to be disposed","component":"WebServerProvisioner"}
{"level":"info","ts":"2026-06-02T15:57:59.786+0200","caller":"server/web_server.go:108","msg":"Server Shutdown completed ....","component":"WebServerProvisioner"}
{"level":"info","ts":"2026-06-02T17:33:07.125+0200","caller":"server/web_server.go:65","msg":"configuring otel","component":"WebServerProvisioner"}
{"level":"info","ts":"2026-06-02T17:33:07.125+0200","caller":"otel/tracing_provider.go:35","msg":"Setting up OTel TracerProvider: service=account-api protocol=http endpoint=localhost:4318","component":"OtelProvider"}
{"level":"info","ts":"2026-06-02T17:33:07.125+0200","caller":"otel/metric_provider.go:16","msg":"Setting up OTel MeterProvider: service=account-api protocol=http endpoint=localhost:4318","component":"OtelProvider"}
{"level":"info","ts":"2026-06-02T17:33:07.125+0200","caller":"otel/log_provider.go:16","msg":"Setting up OTel LoggerProvider: service=account-api protocol=http endpoint=localhost:4318","component":"OtelProvider"}
{"level":"info","ts":"2026-06-02T17:33:07.126+0200","caller":"server/web_server.go:65","msg":"configuring standard-middleware","component":"WebServerProvisioner"}
{"level":"info","ts":"2026-06-02T17:33:07.126+0200","caller":"server/web_server.go:65","msg":"configuring oauth2","component":"WebServerProvisioner"}
{"level":"info","ts":"2026-06-02T17:33:07.129+0200","caller":"security/jwt.go:30","msg":"OAuth2 middleware set up with role: ROLE_USER","component":"Jwt"}
{"level":"info","ts":"2026-06-02T17:33:07.129+0200","caller":"server/web_server.go:142","msg":"listening on 0.0.0.0:6060","component":"WebServerProvisioner"}
{"level":"error","ts":"2026-06-02T17:33:25.208+0200","caller":"security/jwt.go:64","msg":"failed to verify jwt token: jwt.Parse: failed to parse token: unknown payload type (payload is not JWT?)\n","component":"Jwt"}
{"level":"info","ts":"2026-06-02T17:33:25.374+0200","caller":"security/jwt.go:77","msg":"authenticating user: valerio.vaudi@gmail.com\n","component":"Jwt"}
{"level":"info","ts":"2026-06-02T17:33:25.374+0200","caller":"security/jwt.go:86","msg":"user valerio.vaudi@gmail.com has those authority [ROLE_BUDGET ROLE_USER FACTOR_PASSWORD]\n","component":"Jwt"}
{"level":"info","ts":"2026-06-02T17:33:25.374+0200","caller":"security/jwt.go:94","msg":"user valerio.vaudi@gmail.com has required authority: ROLE_USER","component":"Jwt"}
{"level":"info","ts":"2026-06-02T17:33:25.374+0200","caller":"security/jwt.go:102","msg":"authenticated user: valerio.vaudi@gmail.com\n","component":"Jwt"}
{"level":"error","ts":"2026-06-02T18:43:48.393+0200","caller":"security/jwt.go:64","msg":"failed to verify jwt token: jwt.Parse: failed to parse token: unknown payload type (payload is not JWT?)\n","component":"Jwt"}
{"level":"info","ts":"2026-06-02T18:43:48.550+0200","caller":"security/jwt.go:77","msg":"authenticating user: valerio.vaudi@gmail.com\n","component":"Jwt"}
{"level":"info","ts":"2026-06-02T18:43:48.551+0200","caller":"security/jwt.go:86","msg":"user valerio.vaudi@gmail.com has those authority [ROLE_BUDGET ROLE_USER FACTOR_PASSWORD]\n","component":"Jwt"}
{"level":"info","ts":"2026-06-02T18:43:48.551+0200","caller":"security/jwt.go:94","msg":"user valerio.vaudi@gmail.com has required authority: ROLE_USER","component":"Jwt"}
{"level":"info","ts":"2026-06-02T18:43:48.551+0200","caller":"security/jwt.go:102","msg":"authenticated user: valerio.vaudi@gmail.com\n","component":"Jwt"}
{"level":"info","ts":"2026-06-02T19:10:00.339+0200","caller":"security/jwt.go:77","msg":"authenticating user: valerio.vaudi@gmail.com\n","component":"Jwt"}
{"level":"info","ts":"2026-06-02T19:10:00.339+0200","caller":"security/jwt.go:86","msg":"user valerio.vaudi@gmail.com has those authority [ROLE_BUDGET ROLE_USER FACTOR_PASSWORD]\n","component":"Jwt"}
{"level":"info","ts":"2026-06-02T19:10:00.339+0200","caller":"security/jwt.go:94","msg":"user valerio.vaudi@gmail.com has required authority: ROLE_USER","component":"Jwt"}
{"level":"info","ts":"2026-06-02T19:10:00.339+0200","caller":"security/jwt.go:102","msg":"authenticated user: valerio.vaudi@gmail.com\n","component":"Jwt"}
{"level":"info","ts":"2026-06-02T19:19:05.246+0200","caller":"security/jwt.go:77","msg":"authenticating user: valerio.vaudi@gmail.com\n","component":"Jwt"}
{"level":"info","ts":"2026-06-02T19:19:05.246+0200","caller":"security/jwt.go:86","msg":"user valerio.vaudi@gmail.com has those authority [ROLE_BUDGET ROLE_USER FACTOR_PASSWORD]\n","component":"Jwt"}
{"level":"info","ts":"2026-06-02T19:19:05.246+0200","caller":"security/jwt.go:94","msg":"user valerio.vaudi@gmail.com has required authority: ROLE_USER","component":"Jwt"}
{"level":"info","ts":"2026-06-02T19:19:05.246+0200","caller":"security/jwt.go:102","msg":"authenticated user: valerio.vaudi@gmail.com\n","component":"Jwt"}
